1/108 head_on n=10 local/continuation collisions=0 completion=0.00
2/108 head_on n=10 local/continuation collisions=0 completion=0.00
3/108 head_on n=10 federated/continuation collisions=0 completion=0.00
4/108 head_on n=10 federated/continuation collisions=0 completion=0.00
5/108 crossing n=10 local/continuation collisions=0 completion=0.00
6/108 crossing n=10 local/continuation collisions=0 completion=0.00
7/108 crossing n=10 federated/continuation collisions=0 completion=0.00
8/108 crossing n=10 federated/continuation collisions=0 completion=0.00
9/108 overtaking n=10 local/continuation collisions=0 completion=0.20
10/108 overtaking n=10 local/continuation collisions=0 completion=0.00
11/108 overtaking n=10 federated/continuation collisions=0 completion=0.20
12/108 overtaking n=10 federated/continuation collisions=0 completion=0.00
13/108 merge n=10 local/continuation collisions=0 completion=0.00
14/108 merge n=10 local/continuation collisions=0 completion=0.00
15/108 merge n=10 federated/continuation collisions=0 completion=0.00
16/108 merge n=10 federated/continuation collisions=0 completion=0.00
17/108 corridor n=10 local/continuation collisions=0 completion=0.00
18/108 corridor n=10 local/continuation collisions=0 completion=0.00
19/108 corridor n=10 federated/continuation collisions=0 completion=0.00
20/108 corridor n=10 federated/continuation collisions=0 completion=0.00
21/108 vertical n=10 local/continuation collisions=0 completion=0.00
22/108 vertical n=10 local/continuation collisions=0 completion=0.00
23/108 vertical n=10 federated/continuation collisions=0 completion=0.00
24/108 vertical n=10 federated/continuation collisions=0 completion=0.00
25/108 urban n=10 local/continuation collisions=0 completion=0.00
26/108 urban n=10 local/continuation collisions=0 completion=0.00
27/108 urban n=10 federated/continuation collisions=0 completion=0.00
28/108 urban n=10 federated/continuation collisions=0 completion=0.00
29/108 blocked_escape n=10 local/continuation collisions=0 completion=0.00
30/108 blocked_escape n=10 local/continuation collisions=0 completion=0.00
31/108 blocked_escape n=10 federated/continuation collisions=0 completion=0.00
32/108 blocked_escape n=10 federated/continuation collisions=0 completion=0.00
33/108 overload n=10 local/continuation collisions=0 completion=0.00
34/108 overload n=10 local/continuation collisions=1 completion=0.00
35/108 overload n=10 federated/continuation collisions=0 completion=0.00
36/108 overload n=10 federated/continuation collisions=1 completion=0.00
37/108 boundary_handoff n=10 local/continuation collisions=0 completion=0.00
38/108 boundary_handoff n=10 local/continuation collisions=0 completion=0.00
39/108 boundary_handoff n=10 federated/continuation collisions=0 completion=0.00
40/108 boundary_handoff n=10 federated/continuation collisions=0 completion=0.00
41/108 sudden_turn n=10 local/continuation collisions=0 completion=0.00
42/108 sudden_turn n=10 local/continuation collisions=0 completion=0.00
43/108 sudden_turn n=10 federated/continuation collisions=0 completion=0.00
44/108 sudden_turn n=10 federated/continuation collisions=0 completion=0.00
45/108 stopped_legacy n=10 local/continuation collisions=0 completion=0.00
46/108 stopped_legacy n=10 local/continuation collisions=0 completion=0.00
47/108 stopped_legacy n=10 federated/continuation collisions=0 completion=0.00
48/108 stopped_legacy n=10 federated/continuation collisions=0 completion=0.00
49/108 packet_loss n=10 local/continuation collisions=0 completion=0.00
50/108 packet_loss n=10 local/continuation collisions=0 completion=0.00
51/108 packet_loss n=10 federated/continuation collisions=0 completion=0.00
52/108 packet_loss n=10 federated/continuation collisions=0 completion=0.00
53/108 stale_telemetry n=10 local/continuation collisions=1 completion=0.40
54/108 stale_telemetry n=10 local/continuation collisions=0 completion=1.00
55/108 stale_telemetry n=10 federated/continuation collisions=1 completion=0.60
56/108 stale_telemetry n=10 federated/continuation collisions=0 completion=0.80
57/108 network_outage n=10 local/continuation collisions=0 completion=0.00
58/108 network_outage n=10 local/continuation collisions=0 completion=0.00
59/108 network_outage n=10 federated/continuation collisions=0 completion=0.00
60/108 network_outage n=10 federated/continuation collisions=0 completion=0.00
61/108 sensor_occlusion n=10 local/continuation collisions=0 completion=0.00
62/108 sensor_occlusion n=10 local/continuation collisions=0 completion=0.00
63/108 sensor_occlusion n=10 federated/continuation collisions=0 completion=0.00
64/108 sensor_occlusion n=10 federated/continuation collisions=0 completion=0.00
65/108 gnss_bias n=10 local/continuation collisions=0 completion=0.00
66/108 gnss_bias n=10 local/continuation collisions=0 completion=0.00
67/108 gnss_bias n=10 federated/continuation collisions=0 completion=0.00
68/108 gnss_bias n=10 federated/continuation collisions=0 completion=0.00
69/108 datum_error n=10 local/continuation collisions=0 completion=0.00
70/108 datum_error n=10 local/continuation collisions=0 completion=0.00
71/108 datum_error n=10 federated/continuation collisions=0 completion=0.00
72/108 datum_error n=10 federated/continuation collisions=0 completion=0.00
73/108 identity_ambiguity n=10 local/continuation collisions=0 completion=0.00
74/108 identity_ambiguity n=10 local/continuation collisions=0 completion=0.00
75/108 identity_ambiguity n=10 federated/continuation collisions=0 completion=0.00
76/108 identity_ambiguity n=10 federated/continuation collisions=0 completion=0.00
77/108 wind_gust n=10 local/continuation collisions=0 completion=0.00
78/108 wind_gust n=10 local/continuation collisions=0 completion=0.00
79/108 wind_gust n=10 federated/continuation collisions=0 completion=0.00
80/108 wind_gust n=10 federated/continuation collisions=0 completion=0.00
81/108 actuator_lag n=10 local/continuation collisions=0 completion=0.20
82/108 actuator_lag n=10 local/continuation collisions=0 completion=0.20
83/108 actuator_lag n=10 federated/continuation collisions=0 completion=0.20
84/108 actuator_lag n=10 federated/continuation collisions=0 completion=0.20
85/108 bound_violation n=10 local/continuation collisions=0 completion=0.00
86/108 bound_violation n=10 local/continuation collisions=0 completion=0.00
87/108 bound_violation n=10 federated/continuation collisions=0 completion=0.00
88/108 bound_violation n=10 federated/continuation collisions=0 completion=0.00
89/108 solver_overrun n=10 local/continuation collisions=0 completion=0.00
90/108 solver_overrun n=10 local/continuation collisions=0 completion=0.00
91/108 solver_overrun n=10 federated/continuation collisions=0 completion=0.00
92/108 solver_overrun n=10 federated/continuation collisions=0 completion=0.00
93/108 partial_commit n=10 local/continuation collisions=0 completion=0.00
94/108 partial_commit n=10 local/continuation collisions=0 completion=0.00
95/108 partial_commit n=10 federated/continuation collisions=0 completion=0.00
96/108 partial_commit n=10 federated/continuation collisions=0 completion=0.00
97/108 loss_wind n=10 local/continuation collisions=0 completion=0.00
98/108 loss_wind n=10 local/continuation collisions=0 completion=0.00
99/108 loss_wind n=10 federated/continuation collisions=0 completion=0.00
100/108 loss_wind n=10 federated/continuation collisions=0 completion=0.00
101/108 outage_turn n=10 local/continuation collisions=0 completion=0.00
102/108 outage_turn n=10 local/continuation collisions=0 completion=0.00
103/108 outage_turn n=10 federated/continuation collisions=0 completion=0.00
104/108 outage_turn n=10 federated/continuation collisions=0 completion=0.00
105/108 lag_datum n=10 local/continuation collisions=0 completion=0.00
106/108 lag_datum n=10 local/continuation collisions=0 completion=0.00
107/108 lag_datum n=10 federated/continuation collisions=0 completion=0.00
108/108 lag_datum n=10 federated/continuation collisions=0 completion=0.00
108 complete evaluations, signatures, causal chains and outcomes verified
1/32 head_on n=10 local/reference collisions=0 completion=0.20
2/32 head_on n=10 local/reference collisions=0 completion=0.20
3/32 head_on n=10 local/continuation collisions=0 completion=0.00
4/32 head_on n=10 local/continuation collisions=0 completion=0.00
5/32 head_on n=10 federated/reference collisions=0 completion=0.20
6/32 head_on n=10 federated/reference collisions=0 completion=0.20
7/32 head_on n=10 federated/continuation collisions=0 completion=0.00
8/32 head_on n=10 federated/continuation collisions=0 completion=0.00
9/32 crossing n=10 local/reference collisions=0 completion=0.20
10/32 crossing n=10 local/reference collisions=0 completion=0.40
11/32 crossing n=10 local/continuation collisions=0 completion=0.00
12/32 crossing n=10 local/continuation collisions=0 completion=0.00
13/32 crossing n=10 federated/reference collisions=0 completion=0.20
14/32 crossing n=10 federated/reference collisions=0 completion=0.40
15/32 crossing n=10 federated/continuation collisions=0 completion=0.00
16/32 crossing n=10 federated/continuation collisions=0 completion=0.00
17/32 corridor n=10 local/reference collisions=0 completion=0.00
18/32 corridor n=10 local/reference collisions=0 completion=0.00
19/32 corridor n=10 local/continuation collisions=0 completion=0.00
20/32 corridor n=10 local/continuation collisions=0 completion=0.00
21/32 corridor n=10 federated/reference collisions=0 completion=0.00
22/32 corridor n=10 federated/reference collisions=0 completion=0.00
23/32 corridor n=10 federated/continuation collisions=0 completion=0.00
24/32 corridor n=10 federated/continuation collisions=0 completion=0.00
25/32 wind_gust n=10 local/reference collisions=0 completion=0.20
26/32 wind_gust n=10 local/reference collisions=0 completion=0.40
27/32 wind_gust n=10 local/continuation collisions=0 completion=0.00
28/32 wind_gust n=10 local/continuation collisions=0 completion=0.00
29/32 wind_gust n=10 federated/reference collisions=0 completion=0.20
30/32 wind_gust n=10 federated/reference collisions=0 completion=0.40
31/32 wind_gust n=10 federated/continuation collisions=0 completion=0.00
32/32 wind_gust n=10 federated/continuation collisions=0 completion=0.00
32 complete evaluations, signatures, causal chains and outcomes verified
1/32 crossing n=10 local/continuation collisions=0 completion=0.00
2/32 crossing n=10 local/continuation collisions=0 completion=0.00
3/32 crossing n=10 federated/continuation collisions=0 completion=0.00
4/32 crossing n=10 federated/continuation collisions=0 completion=0.00
5/32 crossing n=10 graph/continuation collisions=0 completion=0.00
6/32 crossing n=10 graph/continuation collisions=0 completion=0.00
7/32 crossing n=10 federated_graph/continuation collisions=0 completion=0.00
8/32 crossing n=10 federated_graph/continuation collisions=0 completion=0.00
9/32 corridor n=10 local/continuation collisions=0 completion=0.40
10/32 corridor n=10 local/continuation collisions=1 completion=0.00
11/32 corridor n=10 federated/continuation collisions=0 completion=0.40
12/32 corridor n=10 federated/continuation collisions=1 completion=0.00
13/32 corridor n=10 graph/continuation collisions=0 completion=0.40
14/32 corridor n=10 graph/continuation collisions=1 completion=0.00
15/32 corridor n=10 federated_graph/continuation collisions=0 completion=0.40
16/32 corridor n=10 federated_graph/continuation collisions=1 completion=0.00
17/32 urban n=10 local/continuation collisions=0 completion=0.00
18/32 urban n=10 local/continuation collisions=0 completion=0.00
19/32 urban n=10 federated/continuation collisions=0 completion=0.00
20/32 urban n=10 federated/continuation collisions=0 completion=0.00
21/32 urban n=10 graph/continuation collisions=0 completion=0.00
22/32 urban n=10 graph/continuation collisions=0 completion=0.00
23/32 urban n=10 federated_graph/continuation collisions=0 completion=0.00
24/32 urban n=10 federated_graph/continuation collisions=0 completion=0.00
25/32 wind_gust n=10 local/continuation collisions=0 completion=0.00
26/32 wind_gust n=10 local/continuation collisions=0 completion=0.00
27/32 wind_gust n=10 federated/continuation collisions=0 completion=0.00
28/32 wind_gust n=10 federated/continuation collisions=0 completion=0.00
29/32 wind_gust n=10 graph/continuation collisions=0 completion=0.00
30/32 wind_gust n=10 graph/continuation collisions=0 completion=0.00
31/32 wind_gust n=10 federated_graph/continuation collisions=0 completion=0.00
32/32 wind_gust n=10 federated_graph/continuation collisions=0 completion=0.00
32 complete evaluations, signatures, causal chains and outcomes verified
1/16 crossing n=50 local/continuation collisions=0 completion=0.00
2/16 crossing n=50 federated/continuation collisions=0 completion=0.00
3/16 crossing n=100 local/continuation collisions=0 completion=0.00
4/16 crossing n=100 federated/continuation collisions=0 completion=0.00
5/16 crossing n=200 local/continuation collisions=4 completion=0.00
6/16 crossing n=200 federated/continuation collisions=4 completion=0.00
7/16 crossing n=500 local/continuation collisions=22 completion=0.00
8/16 crossing n=500 federated/continuation collisions=22 completion=0.00
9/16 corridor n=50 local/continuation collisions=0 completion=0.00
10/16 corridor n=50 federated/continuation collisions=0 completion=0.00
11/16 corridor n=100 local/continuation collisions=0 completion=0.00
12/16 corridor n=100 federated/continuation collisions=0 completion=0.00
13/16 corridor n=200 local/continuation collisions=0 completion=0.00
14/16 corridor n=200 federated/continuation collisions=0 completion=0.00
15/16 corridor n=500 local/continuation collisions=2 completion=0.00
16/16 corridor n=500 federated/continuation collisions=2 completion=0.00
16 complete evaluations, signatures, causal chains and outcomes verified
1/8 crossing n=10 local/continuation collisions=0 completion=0.00
2/8 crossing n=10 local/continuation collisions=0 completion=0.00
3/8 crossing n=10 federated/continuation collisions=0 completion=0.00
4/8 crossing n=10 federated/continuation collisions=0 completion=0.00
5/8 corridor n=10 local/continuation collisions=0 completion=0.00
6/8 corridor n=10 local/continuation collisions=1 completion=0.00
7/8 corridor n=10 federated/continuation collisions=0 completion=0.00
8/8 corridor n=10 federated/continuation collisions=1 completion=0.00
8 complete evaluations, signatures, causal chains and outcomes verified
